// Jest Snapshot v1, https://goo.gl/fbAQLP

exports[`Accordion mount_Accordion 1`] = `
Accordion {
  "_reactInternalFiber": FiberNode {
    "_debugHookTypes": null,
    "_debugID": 63,
    "_debugIsCurrentlyTiming": false,
    "_debugOwner": FiberNode {
      "_debugHookTypes": null,
      "_debugID": 62,
      "_debugIsCurrentlyTiming": false,
      "_debugOwner": null,
      "_debugSource": null,
      "actualDuration": 0,
      "actualStartTime": -1,
      "alternate": null,
      "child": [Circular],
      "childExpirationTime": 0,
      "contextDependencies": null,
      "effectTag": 1,
      "elementType": [Function],
      "expirationTime": 0,
      "firstEffect": null,
      "index": 0,
      "key": null,
      "lastEffect": null,
      "memoizedProps": Object {
        "Component": [Function],
        "context": null,
        "props": Object {
          "id": "formOne_AccordionOne",
          "label": "Accordion Label",
          "options": Array [
            Object {
              "content": "Accordion One content",
              "title": "Accordion One header",
            },
          ],
        },
        "wrappingComponentProps": null,
      },
      "memoizedState": Object {
        "context": null,
        "mount": true,
        "props": Object {
          "id": "formOne_AccordionOne",
          "label": "Accordion Label",
          "options": Array [
            Object {
              "content": "Accordion One content",
              "title": "Accordion One header",
            },
          ],
        },
        "wrappingComponentProps": null,
      },
      "mode": 0,
      "nextEffect": FiberNode {
        "_debugHookTypes": null,
        "_debugID": 60,
        "_debugIsCurrentlyTiming": false,
        "_debugOwner": null,
        "_debugSource": null,
        "actualDuration": 0,
        "actualStartTime": -1,
        "alternate": FiberNode {
          "_debugHookTypes": null,
          "_debugID": 60,
          "_debugIsCurrentlyTiming": false,
          "_debugOwner": null,
          "_debugSource": null,
          "actualDuration": 0,
          "actualStartTime": -1,
          "alternate": [Circular],
          "child": null,
          "childExpirationTime": 0,
          "contextDependencies": null,
          "effectTag": 0,
          "elementType": null,
          "expirationTime": 1073741823,
          "firstEffect": null,
          "index": 0,
          "key": null,
          "lastEffect": null,
          "memoizedProps": null,
          "memoizedState": null,
          "mode": 0,
          "nextEffect": null,
          "pendingProps": null,
          "ref": null,
          "return": null,
          "selfBaseDuration": 0,
          "sibling": null,
          "stateNode": Object {
            "containerInfo": <div>
              <label
                for="formOne_AccordionOne"
              >
                Accordion Label
              </label>
              <div
                class="c-accordion"
                id="formOne_AccordionOne"
              >
                <div
                  class="c-accordion__group"
                >
                  <a
                    aria-controls="formOne_AccordionOne_content_0"
                    aria-expanded="false"
                    class="col-12 c-accordion__heading p-0 collapsed"
                    data-parent="#formOne_AccordionOne"
                    data-target="#formOne_AccordionOne_content_0"
                    data-toggle="collapse"
                    href="#"
                    id="formOne_AccordionOne_header_0"
                  >
                    Accordion One header
                    <i
                      class="c-accordion__icon"
                    />
                  </a>
                  <div
                    aria-labelledby="formOne_AccordionOne_header_0"
                    class="col-12 c-accordion__body collapse"
                    data-parent="#formOne_AccordionOne"
                    id="formOne_AccordionOne_content_0"
                    role="region"
                  >
                    Accordion One content
                  </div>
                </div>
              </div>
            </div>,
            "context": Object {},
            "current": [Circular],
            "didError": false,
            "earliestPendingTime": 0,
            "earliestSuspendedTime": 0,
            "expirationTime": 0,
            "finishedWork": null,
            "firstBatch": null,
            "hydrate": false,
            "interactionThreadID": 15,
            "latestPendingTime": 0,
            "latestPingedTime": 0,
            "latestSuspendedTime": 0,
            "memoizedInteractions": Set {},
            "nextExpirationTimeToWorkOn": 0,
            "nextScheduledRoot": null,
            "pendingChildren": null,
            "pendingCommitExpirationTime": 0,
            "pendingContext": null,
            "pendingInteractionMap": Map {},
            "pingCache": null,
            "timeoutHandle": -1,
          },
          "tag": 3,
          "treeBaseDuration": 0,
          "type": null,
          "updateQueue": Object {
            "baseState": null,
            "firstCapturedEffect": null,
            "firstCapturedUpdate": null,
            "firstEffect": null,
            "firstUpdate": Object {
              "callback": null,
              "expirationTime": 1073741823,
              "next": null,
              "nextEffect": null,
              "payload": Object {
                "element": <WrapperComponent
                  Component={[Function]}
                  context={null}
                  props={
                    Object {
                      "id": "formOne_AccordionOne",
                      "label": "Accordion Label",
                      "options": Array [
                        Object {
                          "content": "Accordion One content",
                          "title": "Accordion One header",
                        },
                      ],
                    }
                  }
                  wrappingComponentProps={null}
                />,
              },
              "tag": 0,
            },
            "lastCapturedEffect": null,
            "lastCapturedUpdate": null,
            "lastEffect": null,
            "lastUpdate": Object {
              "callback": null,
              "expirationTime": 1073741823,
              "next": null,
              "nextEffect": null,
              "payload": Object {
                "element": <WrapperComponent
                  Component={[Function]}
                  context={null}
                  props={
                    Object {
                      "id": "formOne_AccordionOne",
                      "label": "Accordion Label",
                      "options": Array [
                        Object {
                          "content": "Accordion One content",
                          "title": "Accordion One header",
                        },
                      ],
                    }
                  }
                  wrappingComponentProps={null}
                />,
              },
              "tag": 0,
            },
          },
        },
        "child": [Circular],
        "childExpirationTime": 0,
        "contextDependencies": null,
        "effectTag": 32,
        "elementType": null,
        "expirationTime": 0,
        "firstEffect": [Circular],
        "index": 0,
        "key": null,
        "lastEffect": [Circular],
        "memoizedProps": null,
        "memoizedState": Object {
          "element": <WrapperComponent
            Component={[Function]}
            context={null}
            props={
              Object {
                "id": "formOne_AccordionOne",
                "label": "Accordion Label",
                "options": Array [
                  Object {
                    "content": "Accordion One content",
                    "title": "Accordion One header",
                  },
                ],
              }
            }
            wrappingComponentProps={null}
          />,
        },
        "mode": 0,
        "nextEffect": null,
        "pendingProps": null,
        "ref": null,
        "return": null,
        "selfBaseDuration": 0,
        "sibling": null,
        "stateNode": Object {
          "containerInfo": <div>
            <label
              for="formOne_AccordionOne"
            >
              Accordion Label
            </label>
            <div
              class="c-accordion"
              id="formOne_AccordionOne"
            >
              <div
                class="c-accordion__group"
              >
                <a
                  aria-controls="formOne_AccordionOne_content_0"
                  aria-expanded="false"
                  class="col-12 c-accordion__heading p-0 collapsed"
                  data-parent="#formOne_AccordionOne"
                  data-target="#formOne_AccordionOne_content_0"
                  data-toggle="collapse"
                  href="#"
                  id="formOne_AccordionOne_header_0"
                >
                  Accordion One header
                  <i
                    class="c-accordion__icon"
                  />
                </a>
                <div
                  aria-labelledby="formOne_AccordionOne_header_0"
                  class="col-12 c-accordion__body collapse"
                  data-parent="#formOne_AccordionOne"
                  id="formOne_AccordionOne_content_0"
                  role="region"
                >
                  Accordion One content
                </div>
              </div>
            </div>
          </div>,
          "context": Object {},
          "current": [Circular],
          "didError": false,
          "earliestPendingTime": 0,
          "earliestSuspendedTime": 0,
          "expirationTime": 0,
          "finishedWork": null,
          "firstBatch": null,
          "hydrate": false,
          "interactionThreadID": 15,
          "latestPendingTime": 0,
          "latestPingedTime": 0,
          "latestSuspendedTime": 0,
          "memoizedInteractions": Set {},
          "nextExpirationTimeToWorkOn": 0,
          "nextScheduledRoot": null,
          "pendingChildren": null,
          "pendingCommitExpirationTime": 0,
          "pendingContext": null,
          "pendingInteractionMap": Map {},
          "pingCache": null,
          "timeoutHandle": -1,
        },
        "tag": 3,
        "treeBaseDuration": 0,
        "type": null,
        "updateQueue": Object {
          "baseState": Object {
            "element": <WrapperComponent
              Component={[Function]}
              context={null}
              props={
                Object {
                  "id": "formOne_AccordionOne",
                  "label": "Accordion Label",
                  "options": Array [
                    Object {
                      "content": "Accordion One content",
                      "title": "Accordion One header",
                    },
                  ],
                }
              }
              wrappingComponentProps={null}
            />,
          },
          "firstCapturedEffect": null,
          "firstCapturedUpdate": null,
          "firstEffect": null,
          "firstUpdate": null,
          "lastCapturedEffect": null,
          "lastCapturedUpdate": null,
          "lastEffect": null,
          "lastUpdate": null,
        },
      },
      "pendingProps": Object {
        "Component": [Function],
        "context": null,
        "props": Object {
          "id": "formOne_AccordionOne",
          "label": "Accordion Label",
          "options": Array [
            Object {
              "content": "Accordion One content",
              "title": "Accordion One header",
            },
          ],
        },
        "wrappingComponentProps": null,
      },
      "ref": null,
      "return": FiberNode {
        "_debugHookTypes": null,
        "_debugID": 60,
        "_debugIsCurrentlyTiming": false,
        "_debugOwner": null,
        "_debugSource": null,
        "actualDuration": 0,
        "actualStartTime": -1,
        "alternate": FiberNode {
          "_debugHookTypes": null,
          "_debugID": 60,
          "_debugIsCurrentlyTiming": false,
          "_debugOwner": null,
          "_debugSource": null,
          "actualDuration": 0,
          "actualStartTime": -1,
          "alternate": [Circular],
          "child": null,
          "childExpirationTime": 0,
          "contextDependencies": null,
          "effectTag": 0,
          "elementType": null,
          "expirationTime": 1073741823,
          "firstEffect": null,
          "index": 0,
          "key": null,
          "lastEffect": null,
          "memoizedProps": null,
          "memoizedState": null,
          "mode": 0,
          "nextEffect": null,
          "pendingProps": null,
          "ref": null,
          "return": null,
          "selfBaseDuration": 0,
          "sibling": null,
          "stateNode": Object {
            "containerInfo": <div>
              <label
                for="formOne_AccordionOne"
              >
                Accordion Label
              </label>
              <div
                class="c-accordion"
                id="formOne_AccordionOne"
              >
                <div
                  class="c-accordion__group"
                >
                  <a
                    aria-controls="formOne_AccordionOne_content_0"
                    aria-expanded="false"
                    class="col-12 c-accordion__heading p-0 collapsed"
                    data-parent="#formOne_AccordionOne"
                    data-target="#formOne_AccordionOne_content_0"
                    data-toggle="collapse"
                    href="#"
                    id="formOne_AccordionOne_header_0"
                  >
                    Accordion One header
                    <i
                      class="c-accordion__icon"
                    />
                  </a>
                  <div
                    aria-labelledby="formOne_AccordionOne_header_0"
                    class="col-12 c-accordion__body collapse"
                    data-parent="#formOne_AccordionOne"
                    id="formOne_AccordionOne_content_0"
                    role="region"
                  >
                    Accordion One content
                  </div>
                </div>
              </div>
            </div>,
            "context": Object {},
            "current": [Circular],
            "didError": false,
            "earliestPendingTime": 0,
            "earliestSuspendedTime": 0,
            "expirationTime": 0,
            "finishedWork": null,
            "firstBatch": null,
            "hydrate": false,
            "interactionThreadID": 15,
            "latestPendingTime": 0,
            "latestPingedTime": 0,
            "latestSuspendedTime": 0,
            "memoizedInteractions": Set {},
            "nextExpirationTimeToWorkOn": 0,
            "nextScheduledRoot": null,
            "pendingChildren": null,
            "pendingCommitExpirationTime": 0,
            "pendingContext": null,
            "pendingInteractionMap": Map {},
            "pingCache": null,
            "timeoutHandle": -1,
          },
          "tag": 3,
          "treeBaseDuration": 0,
          "type": null,
          "updateQueue": Object {
            "baseState": null,
            "firstCapturedEffect": null,
            "firstCapturedUpdate": null,
            "firstEffect": null,
            "firstUpdate": Object {
              "callback": null,
              "expirationTime": 1073741823,
              "next": null,
              "nextEffect": null,
              "payload": Object {
                "element": <WrapperComponent
                  Component={[Function]}
                  context={null}
                  props={
                    Object {
                      "id": "formOne_AccordionOne",
                      "label": "Accordion Label",
                      "options": Array [
                        Object {
                          "content": "Accordion One content",
                          "title": "Accordion One header",
                        },
                      ],
                    }
                  }
                  wrappingComponentProps={null}
                />,
              },
              "tag": 0,
            },
            "lastCapturedEffect": null,
            "lastCapturedUpdate": null,
            "lastEffect": null,
            "lastUpdate": Object {
              "callback": null,
              "expirationTime": 1073741823,
              "next": null,
              "nextEffect": null,
              "payload": Object {
                "element": <WrapperComponent
                  Component={[Function]}
                  context={null}
                  props={
                    Object {
                      "id": "formOne_AccordionOne",
                      "label": "Accordion Label",
                      "options": Array [
                        Object {
                          "content": "Accordion One content",
                          "title": "Accordion One header",
                        },
                      ],
                    }
                  }
                  wrappingComponentProps={null}
                />,
              },
              "tag": 0,
            },
          },
        },
        "child": [Circular],
        "childExpirationTime": 0,
        "contextDependencies": null,
        "effectTag": 32,
        "elementType": null,
        "expirationTime": 0,
        "firstEffect": [Circular],
        "index": 0,
        "key": null,
        "lastEffect": [Circular],
        "memoizedProps": null,
        "memoizedState": Object {
          "element": <WrapperComponent
            Component={[Function]}
            context={null}
            props={
              Object {
                "id": "formOne_AccordionOne",
                "label": "Accordion Label",
                "options": Array [
                  Object {
                    "content": "Accordion One content",
                    "title": "Accordion One header",
                  },
                ],
              }
            }
            wrappingComponentProps={null}
          />,
        },
        "mode": 0,
        "nextEffect": null,
        "pendingProps": null,
        "ref": null,
        "return": null,
        "selfBaseDuration": 0,
        "sibling": null,
        "stateNode": Object {
          "containerInfo": <div>
            <label
              for="formOne_AccordionOne"
            >
              Accordion Label
            </label>
            <div
              class="c-accordion"
              id="formOne_AccordionOne"
            >
              <div
                class="c-accordion__group"
              >
                <a
                  aria-controls="formOne_AccordionOne_content_0"
                  aria-expanded="false"
                  class="col-12 c-accordion__heading p-0 collapsed"
                  data-parent="#formOne_AccordionOne"
                  data-target="#formOne_AccordionOne_content_0"
                  data-toggle="collapse"
                  href="#"
                  id="formOne_AccordionOne_header_0"
                >
                  Accordion One header
                  <i
                    class="c-accordion__icon"
                  />
                </a>
                <div
                  aria-labelledby="formOne_AccordionOne_header_0"
                  class="col-12 c-accordion__body collapse"
                  data-parent="#formOne_AccordionOne"
                  id="formOne_AccordionOne_content_0"
                  role="region"
                >
                  Accordion One content
                </div>
              </div>
            </div>
          </div>,
          "context": Object {},
          "current": [Circular],
          "didError": false,
          "earliestPendingTime": 0,
          "earliestSuspendedTime": 0,
          "expirationTime": 0,
          "finishedWork": null,
          "firstBatch": null,
          "hydrate": false,
          "interactionThreadID": 15,
          "latestPendingTime": 0,
          "latestPingedTime": 0,
          "latestSuspendedTime": 0,
          "memoizedInteractions": Set {},
          "nextExpirationTimeToWorkOn": 0,
          "nextScheduledRoot": null,
          "pendingChildren": null,
          "pendingCommitExpirationTime": 0,
          "pendingContext": null,
          "pendingInteractionMap": Map {},
          "pingCache": null,
          "timeoutHandle": -1,
        },
        "tag": 3,
        "treeBaseDuration": 0,
        "type": null,
        "updateQueue": Object {
          "baseState": Object {
            "element": <WrapperComponent
              Component={[Function]}
              context={null}
              props={
                Object {
                  "id": "formOne_AccordionOne",
                  "label": "Accordion Label",
                  "options": Array [
                    Object {
                      "content": "Accordion One content",
                      "title": "Accordion One header",
                    },
                  ],
                }
              }
              wrappingComponentProps={null}
            />,
          },
          "firstCapturedEffect": null,
          "firstCapturedUpdate": null,
          "firstEffect": null,
          "firstUpdate": null,
          "lastCapturedEffect": null,
          "lastCapturedUpdate": null,
          "lastEffect": null,
          "lastUpdate": null,
        },
      },
      "selfBaseDuration": 0,
      "sibling": null,
      "stateNode": WrapperComponent {
        "_reactInternalFiber": [Circular],
        "_reactInternalInstance": Object {},
        "context": Object {},
        "props": Object {
          "Component": [Function],
          "context": null,
          "props": Object {
            "id": "formOne_AccordionOne",
            "label": "Accordion Label",
            "options": Array [
              Object {
                "content": "Accordion One content",
                "title": "Accordion One header",
              },
            ],
          },
          "wrappingComponentProps": null,
        },
        "refs": Object {},
        "rootFinderInstance": null,
        "state": Object {
          "context": null,
          "mount": true,
          "props": Object {
            "id": "formOne_AccordionOne",
            "label": "Accordion Label",
            "options": Array [
              Object {
                "content": "Accordion One content",
                "title": "Accordion One header",
              },
            ],
          },
          "wrappingComponentProps": null,
        },
        "updater": Object {
          "enqueueForceUpdate": [Function],
          "enqueueReplaceState": [Function],
          "enqueueSetState": [Function],
          "isMounted": [Function],
        },
      },
      "tag": 1,
      "treeBaseDuration": 0,
      "type": [Function],
      "updateQueue": null,
    },
    "_debugSource": null,
    "actualDuration": 0,
    "actualStartTime": -1,
    "alternate": null,
    "child": FiberNode {
      "_debugHookTypes": null,
      "_debugID": 64,
      "_debugIsCurrentlyTiming": false,
      "_debugOwner": [Circular],
      "_debugSource": null,
      "actualDuration": 0,
      "actualStartTime": -1,
      "alternate": null,
      "child": FiberNode {
        "_debugHookTypes": null,
        "_debugID": 66,
        "_debugIsCurrentlyTiming": false,
        "_debugOwner": [Circular],
        "_debugSource": null,
        "actualDuration": 0,
        "actualStartTime": -1,
        "alternate": null,
        "child": null,
        "childExpirationTime": 0,
        "contextDependencies": null,
        "effectTag": 0,
        "elementType": "label",
        "expirationTime": 0,
        "firstEffect": null,
        "index": 0,
        "key": null,
        "lastEffect": null,
        "memoizedProps": Object {
          "children": "Accordion Label",
          "htmlFor": "formOne_AccordionOne",
        },
        "memoizedState": null,
        "mode": 0,
        "nextEffect": null,
        "pendingProps": Object {
          "children": "Accordion Label",
          "htmlFor": "formOne_AccordionOne",
        },
        "ref": null,
        "return": [Circular],
        "selfBaseDuration": 0,
        "sibling": null,
        "stateNode": <label
          for="formOne_AccordionOne"
        >
          Accordion Label
        </label>,
        "tag": 5,
        "treeBaseDuration": 0,
        "type": "label",
        "updateQueue": null,
      },
      "childExpirationTime": 0,
      "contextDependencies": null,
      "effectTag": 1,
      "elementType": [Function],
      "expirationTime": 0,
      "firstEffect": null,
      "index": 0,
      "key": null,
      "lastEffect": null,
      "memoizedProps": Object {
        "id": "formOne_AccordionOne",
        "label": "Accordion Label",
        "options": Array [
          Object {
            "content": "Accordion One content",
            "title": "Accordion One header",
          },
        ],
      },
      "memoizedState": null,
      "mode": 0,
      "nextEffect": null,
      "pendingProps": Object {
        "id": "formOne_AccordionOne",
        "label": "Accordion Label",
        "options": Array [
          Object {
            "content": "Accordion One content",
            "title": "Accordion One header",
          },
        ],
      },
      "ref": null,
      "return": [Circular],
      "selfBaseDuration": 0,
      "sibling": FiberNode {
        "_debugHookTypes": null,
        "_debugID": 65,
        "_debugIsCurrentlyTiming": false,
        "_debugOwner": [Circular],
        "_debugSource": null,
        "actualDuration": 0,
        "actualStartTime": -1,
        "alternate": null,
        "child": FiberNode {
          "_debugHookTypes": null,
          "_debugID": 67,
          "_debugIsCurrentlyTiming": false,
          "_debugOwner": [Circular],
          "_debugSource": null,
          "actualDuration": 0,
          "actualStartTime": -1,
          "alternate": null,
          "child": FiberNode {
            "_debugHookTypes": null,
            "_debugID": 68,
            "_debugIsCurrentlyTiming": false,
            "_debugOwner": [Circular],
            "_debugSource": null,
            "actualDuration": 0,
            "actualStartTime": -1,
            "alternate": null,
            "child": FiberNode {
              "_debugHookTypes": null,
              "_debugID": 69,
              "_debugIsCurrentlyTiming": false,
              "_debugOwner": [Circular],
              "_debugSource": null,
              "actualDuration": 0,
              "actualStartTime": -1,
              "alternate": null,
              "child": FiberNode {
                "_debugHookTypes": null,
                "_debugID": 71,
                "_debugIsCurrentlyTiming": false,
                "_debugOwner": null,
                "_debugSource": null,
                "actualDuration": 0,
                "actualStartTime": -1,
                "alternate": null,
                "child": null,
                "childExpirationTime": 0,
                "contextDependencies": null,
                "effectTag": 0,
                "elementType": null,
                "expirationTime": 0,
                "firstEffect": null,
                "index": 0,
                "key": null,
                "lastEffect": null,
                "memoizedProps": "Accordion One header",
                "memoizedState": null,
                "mode": 0,
                "nextEffect": null,
                "pendingProps": "Accordion One header",
                "ref": null,
                "return": [Circular],
                "selfBaseDuration": 0,
                "sibling": FiberNode {
                  "_debugHookTypes": null,
                  "_debugID": 72,
                  "_debugIsCurrentlyTiming": false,
                  "_debugOwner": [Circular],
                  "_debugSource": null,
                  "actualDuration": 0,
                  "actualStartTime": -1,
                  "alternate": null,
                  "child": null,
                  "childExpirationTime": 0,
                  "contextDependencies": null,
                  "effectTag": 0,
                  "elementType": "i",
                  "expirationTime": 0,
                  "firstEffect": null,
                  "index": 1,
                  "key": null,
                  "lastEffect": null,
                  "memoizedProps": Object {
                    "className": "c-accordion__icon",
                  },
                  "memoizedState": null,
                  "mode": 0,
                  "nextEffect": null,
                  "pendingProps": Object {
                    "className": "c-accordion__icon",
                  },
                  "ref": null,
                  "return": [Circular],
                  "selfBaseDuration": 0,
                  "sibling": null,
                  "stateNode": <i
                    class="c-accordion__icon"
                  />,
                  "tag": 5,
                  "treeBaseDuration": 0,
                  "type": "i",
                  "updateQueue": null,
                },
                "stateNode": Accordion One header,
                "tag": 6,
                "treeBaseDuration": 0,
                "type": null,
                "updateQueue": null,
              },
              "childExpirationTime": 0,
              "contextDependencies": null,
              "effectTag": 0,
              "elementType": "a",
              "expirationTime": 0,
              "firstEffect": null,
              "index": 0,
              "key": null,
              "lastEffect": null,
              "memoizedProps": Object {
                "aria-controls": "formOne_AccordionOne_content_0",
                "aria-expanded": "false",
                "children": Array [
                  "Accordion One header",
                  <i
                    className="c-accordion__icon"
                  />,
                ],
                "className": "col-12 c-accordion__heading p-0 collapsed",
                "data-parent": "#formOne_AccordionOne",
                "data-target": "#formOne_AccordionOne_content_0",
                "data-toggle": "collapse",
                "href": "#",
                "id": "formOne_AccordionOne_header_0",
              },
              "memoizedState": null,
              "mode": 0,
              "nextEffect": null,
              "pendingProps": Object {
                "aria-controls": "formOne_AccordionOne_content_0",
                "aria-expanded": "false",
                "children": Array [
                  "Accordion One header",
                  <i
                    className="c-accordion__icon"
                  />,
                ],
                "className": "col-12 c-accordion__heading p-0 collapsed",
                "data-parent": "#formOne_AccordionOne",
                "data-target": "#formOne_AccordionOne_content_0",
                "data-toggle": "collapse",
                "href": "#",
                "id": "formOne_AccordionOne_header_0",
              },
              "ref": null,
              "return": [Circular],
              "selfBaseDuration": 0,
              "sibling": FiberNode {
                "_debugHookTypes": null,
                "_debugID": 70,
                "_debugIsCurrentlyTiming": false,
                "_debugOwner": [Circular],
                "_debugSource": null,
                "actualDuration": 0,
                "actualStartTime": -1,
                "alternate": null,
                "child": null,
                "childExpirationTime": 0,
                "contextDependencies": null,
                "effectTag": 0,
                "elementType": "div",
                "expirationTime": 0,
                "firstEffect": null,
                "index": 1,
                "key": null,
                "lastEffect": null,
                "memoizedProps": Object {
                  "aria-labelledby": "formOne_AccordionOne_header_0",
                  "children": "Accordion One content",
                  "className": "col-12 c-accordion__body collapse",
                  "data-parent": "#formOne_AccordionOne",
                  "id": "formOne_AccordionOne_content_0",
                  "role": "region",
                },
                "memoizedState": null,
                "mode": 0,
                "nextEffect": null,
                "pendingProps": Object {
                  "aria-labelledby": "formOne_AccordionOne_header_0",
                  "children": "Accordion One content",
                  "className": "col-12 c-accordion__body collapse",
                  "data-parent": "#formOne_AccordionOne",
                  "id": "formOne_AccordionOne_content_0",
                  "role": "region",
                },
                "ref": null,
                "return": [Circular],
                "selfBaseDuration": 0,
                "sibling": null,
                "stateNode": <div
                  aria-labelledby="formOne_AccordionOne_header_0"
                  class="col-12 c-accordion__body collapse"
                  data-parent="#formOne_AccordionOne"
                  id="formOne_AccordionOne_content_0"
                  role="region"
                >
                  Accordion One content
                </div>,
                "tag": 5,
                "treeBaseDuration": 0,
                "type": "div",
                "updateQueue": null,
              },
              "stateNode": <a
                aria-controls="formOne_AccordionOne_content_0"
                aria-expanded="false"
                class="col-12 c-accordion__heading p-0 collapsed"
                data-parent="#formOne_AccordionOne"
                data-target="#formOne_AccordionOne_content_0"
                data-toggle="collapse"
                href="#"
                id="formOne_AccordionOne_header_0"
              >
                Accordion One header
                <i
                  class="c-accordion__icon"
                />
              </a>,
              "tag": 5,
              "treeBaseDuration": 0,
              "type": "a",
              "updateQueue": null,
            },
            "childExpirationTime": 0,
            "contextDependencies": null,
            "effectTag": 0,
            "elementType": "div",
            "expirationTime": 0,
            "firstEffect": null,
            "index": 0,
            "key": null,
            "lastEffect": null,
            "memoizedProps": Object {
              "children": Array [
                <a
                  aria-controls="formOne_AccordionOne_content_0"
                  aria-expanded="false"
                  className="col-12 c-accordion__heading p-0 collapsed"
                  data-parent="#formOne_AccordionOne"
                  data-target="#formOne_AccordionOne_content_0"
                  data-toggle="collapse"
                  href="#"
                  id="formOne_AccordionOne_header_0"
                >
                  Accordion One header
                  <i
                    className="c-accordion__icon"
                  />
                </a>,
                <div
                  aria-labelledby="formOne_AccordionOne_header_0"
                  className="col-12 c-accordion__body collapse"
                  data-parent="#formOne_AccordionOne"
                  id="formOne_AccordionOne_content_0"
                  role="region"
                >
                  Accordion One content
                </div>,
              ],
              "className": "c-accordion__group",
            },
            "memoizedState": null,
            "mode": 0,
            "nextEffect": null,
            "pendingProps": Object {
              "children": Array [
                <a
                  aria-controls="formOne_AccordionOne_content_0"
                  aria-expanded="false"
                  className="col-12 c-accordion__heading p-0 collapsed"
                  data-parent="#formOne_AccordionOne"
                  data-target="#formOne_AccordionOne_content_0"
                  data-toggle="collapse"
                  href="#"
                  id="formOne_AccordionOne_header_0"
                >
                  Accordion One header
                  <i
                    className="c-accordion__icon"
                  />
                </a>,
                <div
                  aria-labelledby="formOne_AccordionOne_header_0"
                  className="col-12 c-accordion__body collapse"
                  data-parent="#formOne_AccordionOne"
                  id="formOne_AccordionOne_content_0"
                  role="region"
                >
                  Accordion One content
                </div>,
              ],
              "className": "c-accordion__group",
            },
            "ref": null,
            "return": [Circular],
            "selfBaseDuration": 0,
            "sibling": null,
            "stateNode": <div
              class="c-accordion__group"
            >
              <a
                aria-controls="formOne_AccordionOne_content_0"
                aria-expanded="false"
                class="col-12 c-accordion__heading p-0 collapsed"
                data-parent="#formOne_AccordionOne"
                data-target="#formOne_AccordionOne_content_0"
                data-toggle="collapse"
                href="#"
                id="formOne_AccordionOne_header_0"
              >
                Accordion One header
                <i
                  class="c-accordion__icon"
                />
              </a>
              <div
                aria-labelledby="formOne_AccordionOne_header_0"
                class="col-12 c-accordion__body collapse"
                data-parent="#formOne_AccordionOne"
                id="formOne_AccordionOne_content_0"
                role="region"
              >
                Accordion One content
              </div>
            </div>,
            "tag": 5,
            "treeBaseDuration": 0,
            "type": "div",
            "updateQueue": null,
          },
          "childExpirationTime": 0,
          "contextDependencies": null,
          "effectTag": 1,
          "elementType": [Function],
          "expirationTime": 0,
          "firstEffect": null,
          "index": 0,
          "key": "0",
          "lastEffect": null,
          "memoizedProps": Object {
            "id": "formOne_AccordionOne",
            "index": 0,
            "option": Object {
              "content": "Accordion One content",
              "title": "Accordion One header",
            },
          },
          "memoizedState": null,
          "mode": 0,
          "nextEffect": null,
          "pendingProps": Object {
            "id": "formOne_AccordionOne",
            "index": 0,
            "option": Object {
              "content": "Accordion One content",
              "title": "Accordion One header",
            },
          },
          "ref": null,
          "return": [Circular],
          "selfBaseDuration": 0,
          "sibling": null,
          "stateNode": null,
          "tag": 0,
          "treeBaseDuration": 0,
          "type": [Function],
          "updateQueue": null,
        },
        "childExpirationTime": 0,
        "contextDependencies": null,
        "effectTag": 0,
        "elementType": "div",
        "expirationTime": 0,
        "firstEffect": null,
        "index": 1,
        "key": null,
        "lastEffect": null,
        "memoizedProps": Object {
          "children": Array [
            <AccordionSection
              id="formOne_AccordionOne"
              index={0}
              option={
                Object {
                  "content": "Accordion One content",
                  "title": "Accordion One header",
                }
              }
            />,
          ],
          "className": "c-accordion",
          "id": "formOne_AccordionOne",
        },
        "memoizedState": null,
        "mode": 0,
        "nextEffect": null,
        "pendingProps": Object {
          "children": Array [
            <AccordionSection
              id="formOne_AccordionOne"
              index={0}
              option={
                Object {
                  "content": "Accordion One content",
                  "title": "Accordion One header",
                }
              }
            />,
          ],
          "className": "c-accordion",
          "id": "formOne_AccordionOne",
        },
        "ref": null,
        "return": [Circular],
        "selfBaseDuration": 0,
        "sibling": null,
        "stateNode": <div
          class="c-accordion"
          id="formOne_AccordionOne"
        >
          <div
            class="c-accordion__group"
          >
            <a
              aria-controls="formOne_AccordionOne_content_0"
              aria-expanded="false"
              class="col-12 c-accordion__heading p-0 collapsed"
              data-parent="#formOne_AccordionOne"
              data-target="#formOne_AccordionOne_content_0"
              data-toggle="collapse"
              href="#"
              id="formOne_AccordionOne_header_0"
            >
              Accordion One header
              <i
                class="c-accordion__icon"
              />
            </a>
            <div
              aria-labelledby="formOne_AccordionOne_header_0"
              class="col-12 c-accordion__body collapse"
              data-parent="#formOne_AccordionOne"
              id="formOne_AccordionOne_content_0"
              role="region"
            >
              Accordion One content
            </div>
          </div>
        </div>,
        "tag": 5,
        "treeBaseDuration": 0,
        "type": "div",
        "updateQueue": null,
      },
      "stateNode": null,
      "tag": 0,
      "treeBaseDuration": 0,
      "type": [Function],
      "updateQueue": null,
    },
    "childExpirationTime": 0,
    "contextDependencies": null,
    "effectTag": 1,
    "elementType": [Function],
    "expirationTime": 0,
    "firstEffect": null,
    "index": 0,
    "key": null,
    "lastEffect": null,
    "memoizedProps": Object {
      "id": "formOne_AccordionOne",
      "label": "Accordion Label",
      "options": Array [
        Object {
          "content": "Accordion One content",
          "title": "Accordion One header",
        },
      ],
    },
    "memoizedState": null,
    "mode": 0,
    "nextEffect": null,
    "pendingProps": Object {
      "id": "formOne_AccordionOne",
      "label": "Accordion Label",
      "options": Array [
        Object {
          "content": "Accordion One content",
          "title": "Accordion One header",
        },
      ],
    },
    "ref": null,
    "return": FiberNode {
      "_debugHookTypes": null,
      "_debugID": 62,
      "_debugIsCurrentlyTiming": false,
      "_debugOwner": null,
      "_debugSource": null,
      "actualDuration": 0,
      "actualStartTime": -1,
      "alternate": null,
      "child": [Circular],
      "childExpirationTime": 0,
      "contextDependencies": null,
      "effectTag": 1,
      "elementType": [Function],
      "expirationTime": 0,
      "firstEffect": null,
      "index": 0,
      "key": null,
      "lastEffect": null,
      "memoizedProps": Object {
        "Component": [Function],
        "context": null,
        "props": Object {
          "id": "formOne_AccordionOne",
          "label": "Accordion Label",
          "options": Array [
            Object {
              "content": "Accordion One content",
              "title": "Accordion One header",
            },
          ],
        },
        "wrappingComponentProps": null,
      },
      "memoizedState": Object {
        "context": null,
        "mount": true,
        "props": Object {
          "id": "formOne_AccordionOne",
          "label": "Accordion Label",
          "options": Array [
            Object {
              "content": "Accordion One content",
              "title": "Accordion One header",
            },
          ],
        },
        "wrappingComponentProps": null,
      },
      "mode": 0,
      "nextEffect": FiberNode {
        "_debugHookTypes": null,
        "_debugID": 60,
        "_debugIsCurrentlyTiming": false,
        "_debugOwner": null,
        "_debugSource": null,
        "actualDuration": 0,
        "actualStartTime": -1,
        "alternate": FiberNode {
          "_debugHookTypes": null,
          "_debugID": 60,
          "_debugIsCurrentlyTiming": false,
          "_debugOwner": null,
          "_debugSource": null,
          "actualDuration": 0,
          "actualStartTime": -1,
          "alternate": [Circular],
          "child": null,
          "childExpirationTime": 0,
          "contextDependencies": null,
          "effectTag": 0,
          "elementType": null,
          "expirationTime": 1073741823,
          "firstEffect": null,
          "index": 0,
          "key": null,
          "lastEffect": null,
          "memoizedProps": null,
          "memoizedState": null,
          "mode": 0,
          "nextEffect": null,
          "pendingProps": null,
          "ref": null,
          "return": null,
          "selfBaseDuration": 0,
          "sibling": null,
          "stateNode": Object {
            "containerInfo": <div>
              <label
                for="formOne_AccordionOne"
              >
                Accordion Label
              </label>
              <div
                class="c-accordion"
                id="formOne_AccordionOne"
              >
                <div
                  class="c-accordion__group"
                >
                  <a
                    aria-controls="formOne_AccordionOne_content_0"
                    aria-expanded="false"
                    class="col-12 c-accordion__heading p-0 collapsed"
                    data-parent="#formOne_AccordionOne"
                    data-target="#formOne_AccordionOne_content_0"
                    data-toggle="collapse"
                    href="#"
                    id="formOne_AccordionOne_header_0"
                  >
                    Accordion One header
                    <i
                      class="c-accordion__icon"
                    />
                  </a>
                  <div
                    aria-labelledby="formOne_AccordionOne_header_0"
                    class="col-12 c-accordion__body collapse"
                    data-parent="#formOne_AccordionOne"
                    id="formOne_AccordionOne_content_0"
                    role="region"
                  >
                    Accordion One content
                  </div>
                </div>
              </div>
            </div>,
            "context": Object {},
            "current": [Circular],
            "didError": false,
            "earliestPendingTime": 0,
            "earliestSuspendedTime": 0,
            "expirationTime": 0,
            "finishedWork": null,
            "firstBatch": null,
            "hydrate": false,
            "interactionThreadID": 15,
            "latestPendingTime": 0,
            "latestPingedTime": 0,
            "latestSuspendedTime": 0,
            "memoizedInteractions": Set {},
            "nextExpirationTimeToWorkOn": 0,
            "nextScheduledRoot": null,
            "pendingChildren": null,
            "pendingCommitExpirationTime": 0,
            "pendingContext": null,
            "pendingInteractionMap": Map {},
            "pingCache": null,
            "timeoutHandle": -1,
          },
          "tag": 3,
          "treeBaseDuration": 0,
          "type": null,
          "updateQueue": Object {
            "baseState": null,
            "firstCapturedEffect": null,
            "firstCapturedUpdate": null,
            "firstEffect": null,
            "firstUpdate": Object {
              "callback": null,
              "expirationTime": 1073741823,
              "next": null,
              "nextEffect": null,
              "payload": Object {
                "element": <WrapperComponent
                  Component={[Function]}
                  context={null}
                  props={
                    Object {
                      "id": "formOne_AccordionOne",
                      "label": "Accordion Label",
                      "options": Array [
                        Object {
                          "content": "Accordion One content",
                          "title": "Accordion One header",
                        },
                      ],
                    }
                  }
                  wrappingComponentProps={null}
                />,
              },
              "tag": 0,
            },
            "lastCapturedEffect": null,
            "lastCapturedUpdate": null,
            "lastEffect": null,
            "lastUpdate": Object {
              "callback": null,
              "expirationTime": 1073741823,
              "next": null,
              "nextEffect": null,
              "payload": Object {
                "element": <WrapperComponent
                  Component={[Function]}
                  context={null}
                  props={
                    Object {
                      "id": "formOne_AccordionOne",
                      "label": "Accordion Label",
                      "options": Array [
                        Object {
                          "content": "Accordion One content",
                          "title": "Accordion One header",
                        },
                      ],
                    }
                  }
                  wrappingComponentProps={null}
                />,
              },
              "tag": 0,
            },
          },
        },
        "child": [Circular],
        "childExpirationTime": 0,
        "contextDependencies": null,
        "effectTag": 32,
        "elementType": null,
        "expirationTime": 0,
        "firstEffect": [Circular],
        "index": 0,
        "key": null,
        "lastEffect": [Circular],
        "memoizedProps": null,
        "memoizedState": Object {
          "element": <WrapperComponent
            Component={[Function]}
            context={null}
            props={
              Object {
                "id": "formOne_AccordionOne",
                "label": "Accordion Label",
                "options": Array [
                  Object {
                    "content": "Accordion One content",
                    "title": "Accordion One header",
                  },
                ],
              }
            }
            wrappingComponentProps={null}
          />,
        },
        "mode": 0,
        "nextEffect": null,
        "pendingProps": null,
        "ref": null,
        "return": null,
        "selfBaseDuration": 0,
        "sibling": null,
        "stateNode": Object {
          "containerInfo": <div>
            <label
              for="formOne_AccordionOne"
            >
              Accordion Label
            </label>
            <div
              class="c-accordion"
              id="formOne_AccordionOne"
            >
              <div
                class="c-accordion__group"
              >
                <a
                  aria-controls="formOne_AccordionOne_content_0"
                  aria-expanded="false"
                  class="col-12 c-accordion__heading p-0 collapsed"
                  data-parent="#formOne_AccordionOne"
                  data-target="#formOne_AccordionOne_content_0"
                  data-toggle="collapse"
                  href="#"
                  id="formOne_AccordionOne_header_0"
                >
                  Accordion One header
                  <i
                    class="c-accordion__icon"
                  />
                </a>
                <div
                  aria-labelledby="formOne_AccordionOne_header_0"
                  class="col-12 c-accordion__body collapse"
                  data-parent="#formOne_AccordionOne"
                  id="formOne_AccordionOne_content_0"
                  role="region"
                >
                  Accordion One content
                </div>
              </div>
            </div>
          </div>,
          "context": Object {},
          "current": [Circular],
          "didError": false,
          "earliestPendingTime": 0,
          "earliestSuspendedTime": 0,
          "expirationTime": 0,
          "finishedWork": null,
          "firstBatch": null,
          "hydrate": false,
          "interactionThreadID": 15,
          "latestPendingTime": 0,
          "latestPingedTime": 0,
          "latestSuspendedTime": 0,
          "memoizedInteractions": Set {},
          "nextExpirationTimeToWorkOn": 0,
          "nextScheduledRoot": null,
          "pendingChildren": null,
          "pendingCommitExpirationTime": 0,
          "pendingContext": null,
          "pendingInteractionMap": Map {},
          "pingCache": null,
          "timeoutHandle": -1,
        },
        "tag": 3,
        "treeBaseDuration": 0,
        "type": null,
        "updateQueue": Object {
          "baseState": Object {
            "element": <WrapperComponent
              Component={[Function]}
              context={null}
              props={
                Object {
                  "id": "formOne_AccordionOne",
                  "label": "Accordion Label",
                  "options": Array [
                    Object {
                      "content": "Accordion One content",
                      "title": "Accordion One header",
                    },
                  ],
                }
              }
              wrappingComponentProps={null}
            />,
          },
          "firstCapturedEffect": null,
          "firstCapturedUpdate": null,
          "firstEffect": null,
          "firstUpdate": null,
          "lastCapturedEffect": null,
          "lastCapturedUpdate": null,
          "lastEffect": null,
          "lastUpdate": null,
        },
      },
      "pendingProps": Object {
        "Component": [Function],
        "context": null,
        "props": Object {
          "id": "formOne_AccordionOne",
          "label": "Accordion Label",
          "options": Array [
            Object {
              "content": "Accordion One content",
              "title": "Accordion One header",
            },
          ],
        },
        "wrappingComponentProps": null,
      },
      "ref": null,
      "return": FiberNode {
        "_debugHookTypes": null,
        "_debugID": 60,
        "_debugIsCurrentlyTiming": false,
        "_debugOwner": null,
        "_debugSource": null,
        "actualDuration": 0,
        "actualStartTime": -1,
        "alternate": FiberNode {
          "_debugHookTypes": null,
          "_debugID": 60,
          "_debugIsCurrentlyTiming": false,
          "_debugOwner": null,
          "_debugSource": null,
          "actualDuration": 0,
          "actualStartTime": -1,
          "alternate": [Circular],
          "child": null,
          "childExpirationTime": 0,
          "contextDependencies": null,
          "effectTag": 0,
          "elementType": null,
          "expirationTime": 1073741823,
          "firstEffect": null,
          "index": 0,
          "key": null,
          "lastEffect": null,
          "memoizedProps": null,
          "memoizedState": null,
          "mode": 0,
          "nextEffect": null,
          "pendingProps": null,
          "ref": null,
          "return": null,
          "selfBaseDuration": 0,
          "sibling": null,
          "stateNode": Object {
            "containerInfo": <div>
              <label
                for="formOne_AccordionOne"
              >
                Accordion Label
              </label>
              <div
                class="c-accordion"
                id="formOne_AccordionOne"
              >
                <div
                  class="c-accordion__group"
                >
                  <a
                    aria-controls="formOne_AccordionOne_content_0"
                    aria-expanded="false"
                    class="col-12 c-accordion__heading p-0 collapsed"
                    data-parent="#formOne_AccordionOne"
                    data-target="#formOne_AccordionOne_content_0"
                    data-toggle="collapse"
                    href="#"
                    id="formOne_AccordionOne_header_0"
                  >
                    Accordion One header
                    <i
                      class="c-accordion__icon"
                    />
                  </a>
                  <div
                    aria-labelledby="formOne_AccordionOne_header_0"
                    class="col-12 c-accordion__body collapse"
                    data-parent="#formOne_AccordionOne"
                    id="formOne_AccordionOne_content_0"
                    role="region"
                  >
                    Accordion One content
                  </div>
                </div>
              </div>
            </div>,
            "context": Object {},
            "current": [Circular],
            "didError": false,
            "earliestPendingTime": 0,
            "earliestSuspendedTime": 0,
            "expirationTime": 0,
            "finishedWork": null,
            "firstBatch": null,
            "hydrate": false,
            "interactionThreadID": 15,
            "latestPendingTime": 0,
            "latestPingedTime": 0,
            "latestSuspendedTime": 0,
            "memoizedInteractions": Set {},
            "nextExpirationTimeToWorkOn": 0,
            "nextScheduledRoot": null,
            "pendingChildren": null,
            "pendingCommitExpirationTime": 0,
            "pendingContext": null,
            "pendingInteractionMap": Map {},
            "pingCache": null,
            "timeoutHandle": -1,
          },
          "tag": 3,
          "treeBaseDuration": 0,
          "type": null,
          "updateQueue": Object {
            "baseState": null,
            "firstCapturedEffect": null,
            "firstCapturedUpdate": null,
            "firstEffect": null,
            "firstUpdate": Object {
              "callback": null,
              "expirationTime": 1073741823,
              "next": null,
              "nextEffect": null,
              "payload": Object {
                "element": <WrapperComponent
                  Component={[Function]}
                  context={null}
                  props={
                    Object {
                      "id": "formOne_AccordionOne",
                      "label": "Accordion Label",
                      "options": Array [
                        Object {
                          "content": "Accordion One content",
                          "title": "Accordion One header",
                        },
                      ],
                    }
                  }
                  wrappingComponentProps={null}
                />,
              },
              "tag": 0,
            },
            "lastCapturedEffect": null,
            "lastCapturedUpdate": null,
            "lastEffect": null,
            "lastUpdate": Object {
              "callback": null,
              "expirationTime": 1073741823,
              "next": null,
              "nextEffect": null,
              "payload": Object {
                "element": <WrapperComponent
                  Component={[Function]}
                  context={null}
                  props={
                    Object {
                      "id": "formOne_AccordionOne",
                      "label": "Accordion Label",
                      "options": Array [
                        Object {
                          "content": "Accordion One content",
                          "title": "Accordion One header",
                        },
                      ],
                    }
                  }
                  wrappingComponentProps={null}
                />,
              },
              "tag": 0,
            },
          },
        },
        "child": [Circular],
        "childExpirationTime": 0,
        "contextDependencies": null,
        "effectTag": 32,
        "elementType": null,
        "expirationTime": 0,
        "firstEffect": [Circular],
        "index": 0,
        "key": null,
        "lastEffect": [Circular],
        "memoizedProps": null,
        "memoizedState": Object {
          "element": <WrapperComponent
            Component={[Function]}
            context={null}
            props={
              Object {
                "id": "formOne_AccordionOne",
                "label": "Accordion Label",
                "options": Array [
                  Object {
                    "content": "Accordion One content",
                    "title": "Accordion One header",
                  },
                ],
              }
            }
            wrappingComponentProps={null}
          />,
        },
        "mode": 0,
        "nextEffect": null,
        "pendingProps": null,
        "ref": null,
        "return": null,
        "selfBaseDuration": 0,
        "sibling": null,
        "stateNode": Object {
          "containerInfo": <div>
            <label
              for="formOne_AccordionOne"
            >
              Accordion Label
            </label>
            <div
              class="c-accordion"
              id="formOne_AccordionOne"
            >
              <div
                class="c-accordion__group"
              >
                <a
                  aria-controls="formOne_AccordionOne_content_0"
                  aria-expanded="false"
                  class="col-12 c-accordion__heading p-0 collapsed"
                  data-parent="#formOne_AccordionOne"
                  data-target="#formOne_AccordionOne_content_0"
                  data-toggle="collapse"
                  href="#"
                  id="formOne_AccordionOne_header_0"
                >
                  Accordion One header
                  <i
                    class="c-accordion__icon"
                  />
                </a>
                <div
                  aria-labelledby="formOne_AccordionOne_header_0"
                  class="col-12 c-accordion__body collapse"
                  data-parent="#formOne_AccordionOne"
                  id="formOne_AccordionOne_content_0"
                  role="region"
                >
                  Accordion One content
                </div>
              </div>
            </div>
          </div>,
          "context": Object {},
          "current": [Circular],
          "didError": false,
          "earliestPendingTime": 0,
          "earliestSuspendedTime": 0,
          "expirationTime": 0,
          "finishedWork": null,
          "firstBatch": null,
          "hydrate": false,
          "interactionThreadID": 15,
          "latestPendingTime": 0,
          "latestPingedTime": 0,
          "latestSuspendedTime": 0,
          "memoizedInteractions": Set {},
          "nextExpirationTimeToWorkOn": 0,
          "nextScheduledRoot": null,
          "pendingChildren": null,
          "pendingCommitExpirationTime": 0,
          "pendingContext": null,
          "pendingInteractionMap": Map {},
          "pingCache": null,
          "timeoutHandle": -1,
        },
        "tag": 3,
        "treeBaseDuration": 0,
        "type": null,
        "updateQueue": Object {
          "baseState": Object {
            "element": <WrapperComponent
              Component={[Function]}
              context={null}
              props={
                Object {
                  "id": "formOne_AccordionOne",
                  "label": "Accordion Label",
                  "options": Array [
                    Object {
                      "content": "Accordion One content",
                      "title": "Accordion One header",
                    },
                  ],
                }
              }
              wrappingComponentProps={null}
            />,
          },
          "firstCapturedEffect": null,
          "firstCapturedUpdate": null,
          "firstEffect": null,
          "firstUpdate": null,
          "lastCapturedEffect": null,
          "lastCapturedUpdate": null,
          "lastEffect": null,
          "lastUpdate": null,
        },
      },
      "selfBaseDuration": 0,
      "sibling": null,
      "stateNode": WrapperComponent {
        "_reactInternalFiber": [Circular],
        "_reactInternalInstance": Object {},
        "context": Object {},
        "props": Object {
          "Component": [Function],
          "context": null,
          "props": Object {
            "id": "formOne_AccordionOne",
            "label": "Accordion Label",
            "options": Array [
              Object {
                "content": "Accordion One content",
                "title": "Accordion One header",
              },
            ],
          },
          "wrappingComponentProps": null,
        },
        "refs": Object {},
        "rootFinderInstance": null,
        "state": Object {
          "context": null,
          "mount": true,
          "props": Object {
            "id": "formOne_AccordionOne",
            "label": "Accordion Label",
            "options": Array [
              Object {
                "content": "Accordion One content",
                "title": "Accordion One header",
              },
            ],
          },
          "wrappingComponentProps": null,
        },
        "updater": Object {
          "enqueueForceUpdate": [Function],
          "enqueueReplaceState": [Function],
          "enqueueSetState": [Function],
          "isMounted": [Function],
        },
      },
      "tag": 1,
      "treeBaseDuration": 0,
      "type": [Function],
      "updateQueue": null,
    },
    "selfBaseDuration": 0,
    "sibling": null,
    "stateNode": [Circular],
    "tag": 1,
    "treeBaseDuration": 0,
    "type": [Function],
    "updateQueue": null,
  },
  "_reactInternalInstance": Object {},
  "context": Object {},
  "props": Object {
    "id": "formOne_AccordionOne",
    "label": "Accordion Label",
    "options": Array [
      Object {
        "content": "Accordion One content",
        "title": "Accordion One header",
      },
    ],
  },
  "refs": Object {},
  "state": null,
  "updater": Object {
    "enqueueForceUpdate": [Function],
    "enqueueReplaceState": [Function],
    "enqueueSetState": [Function],
    "isMounted": [Function],
  },
}
`;

exports[`Accordion render_Accordion 1`] = `
Accordion {
  "context": Object {},
  "props": Object {
    "id": "formOne_AccordionOne",
    "label": "Accordion Label",
    "options": Array [
      Object {
        "content": "Accordion One content",
        "title": "Accordion One header",
      },
    ],
  },
  "refs": Object {},
  "setState": [Function],
  "state": null,
  "updater": Updater {
    "_callbacks": Array [],
    "_renderer": ReactShallowRenderer {
      "_context": Object {},
      "_didScheduleRenderPhaseUpdate": false,
      "_dispatcher": Object {
        "readContext": [Function],
        "useCallback": [Function],
        "useContext": [Function],
        "useDebugValue": [Function],
        "useEffect": [Function],
        "useImperativeHandle": [Function],
        "useLayoutEffect": [Function],
        "useMemo": [Function],
        "useReducer": [Function],
        "useRef": [Function],
        "useState": [Function],
      },
      "_element": <Accordion
        id="formOne_AccordionOne"
        label="Accordion Label"
        options={
          Array [
            Object {
              "content": "Accordion One content",
              "title": "Accordion One header",
            },
          ]
        }
      />,
      "_firstWorkInProgressHook": null,
      "_forcedUpdate": false,
      "_instance": [Circular],
      "_isReRender": false,
      "_newState": null,
      "_numberOfReRenders": 0,
      "_renderPhaseUpdates": null,
      "_rendered": <React.Fragment>
        <Label
          id="formOne_AccordionOne"
          label="Accordion Label"
          options={
            Array [
              Object {
                "content": "Accordion One content",
                "title": "Accordion One header",
              },
            ]
          }
        />
        <div
          className="c-accordion"
          id="formOne_AccordionOne"
        >
          <AccordionSection
            id="formOne_AccordionOne"
            index={0}
            option={
              Object {
                "content": "Accordion One content",
                "title": "Accordion One header",
              }
            }
          />
        </div>
      </React.Fragment>,
      "_rendering": false,
      "_updater": [Circular],
      "_workInProgressHook": null,
    },
  },
}
`;
