// Jest Snapshot v1, https://goo.gl/fbAQLP

exports[`Checkbox render_Checkbox 1`] = `
<label
  className="c-checkbox"
>
  <input
    checked={true}
    className="c-checkbox__input"
    id="formOne_CheckboxOne"
    onChange={[Function]}
    type="checkbox"
    value={true}
  />
  <i
    className="c-checkbox__icon"
  />
  <span
    className="c-checkbox__label"
  >
    Checkbox Label
  </span>
</label>
`;
