// Jest Snapshot v1, https://goo.gl/fbAQLP

exports[`Header render_Header 1`] = `
<div
  className="component r-header"
>
  <h1
    className="question c-question__header js-substep-form-header"
    tabIndex="-1"
  >
    <span
      className="mr-2"
    >
      loan question
    </span>
    <Helptip
      componentProps={
        Array [
          Object {
            "text": "help tip paragraph content",
            "type": "paragraph",
          },
        ]
      }
    />
  </h1>
</div>
`;
