// Jest Snapshot v1, https://goo.gl/fbAQLP

exports[`Helptip render_Helptip 1`] = `
<React.Fragment>
  <a
    aria-controls="help_tip__rsform"
    aria-expanded="false"
    aria-label="help tip link, toggles help tip"
    className="c-alert__icon--title-icon c-alert__icon--info js-toggle-help far fa-question-circle c-icon is-active"
    data-target="help_tip__rsform"
    href="#"
    id="toggler_help_tip_rsform"
  />
  <div
    aria-label="help tip"
    className="c-alert c-alert--block c-alert--info js-help-tip is-hidden"
    id="help_tip__rsform"
    role="region"
  >
    <div
      className="d-flex"
    >
      <div
        className="c-alert__icon--big c-alert__icon--big--inline c-alert__icon--info"
      >
        <div
          aria-hidden="true"
          className="fal fa-question-circle c-icon"
        />
      </div>
      <div
        aria-live="polite"
        className="c-alert__text c-alert__text--help-tip"
      >
        <h3>
          Help Tip
        </h3>
        <Paragraph
          text="help tip paragraph content"
        />
        <Accordion
          options={
            Array [
              Object {
                "content": "Accordion One content",
                "title": "Accordion One header",
              },
            ]
          }
        />
      </div>
    </div>
    <div
      className="c-alert__close js-help-close"
    >
      <a
        aria-label="Close"
        className="btn btn--circle btn--disguised btn--close close"
        href="#"
      >
        <div
          aria-hidden="true"
          className="icon--utility__close fal fa-times c-icon"
        />
      </a>
    </div>
  </div>
</React.Fragment>
`;
